Hello from Anubhav!
This is a test file.
It has multiple lines.
Appended line 1
Appended line 2